Archive member included because of file (symbol)

d:/course amit/drive-download-20230526t152238z-001/sdk/sdk_win_64/sdk_win_64/sdk_win_64/winavr/bin/../lib/gcc/avr/4.3.3/avr5\libgcc.a(_udivmodqi4.o)
                              ./HAL/7 Segment/Seven_Segment.o (__udivmodqi4)
d:/course amit/drive-download-20230526t152238z-001/sdk/sdk_win_64/sdk_win_64/sdk_win_64/winavr/bin/../lib/gcc/avr/4.3.3/avr5\libgcc.a(_udivmodsi4.o)
                              ./HAL/7 Segment/Seven_Segment.o (__udivmodsi4)
d:/course amit/drive-download-20230526t152238z-001/sdk/sdk_win_64/sdk_win_64/sdk_win_64/winavr/bin/../lib/gcc/avr/4.3.3/avr5\libgcc.a(_exit.o)
                              d:/course amit/drive-download-20230526t152238z-001/sdk/sdk_win_64/sdk_win_64/sdk_win_64/winavr/bin/../lib/gcc/avr/4.3.3/../../../../avr/lib/avr5/crtm32.o (exit)
d:/course amit/drive-download-20230526t152238z-001/sdk/sdk_win_64/sdk_win_64/sdk_win_64/winavr/bin/../lib/gcc/avr/4.3.3/avr5\libgcc.a(_copy_data.o)
                              ./Application/app.o (__do_copy_data)
d:/course amit/drive-download-20230526t152238z-001/sdk/sdk_win_64/sdk_win_64/sdk_win_64/winavr/bin/../lib/gcc/avr/4.3.3/avr5\libgcc.a(_clear_bss.o)
                              ./Application/app.o (__do_clear_bss)
d:/course amit/drive-download-20230526t152238z-001/sdk/sdk_win_64/sdk_win_64/sdk_win_64/winavr/bin/../lib/gcc/avr/4.3.3/avr5\libgcc.a(_fixunssfsi.o)
                              ./HAL/Temp Sensor/LM35.o (__fixunssfsi)
d:/course amit/drive-download-20230526t152238z-001/sdk/sdk_win_64/sdk_win_64/sdk_win_64/winavr/bin/../lib/gcc/avr/4.3.3/avr5\libgcc.a(_addsub_sf.o)
                              ./Application/app.o (__subsf3)
d:/course amit/drive-download-20230526t152238z-001/sdk/sdk_win_64/sdk_win_64/sdk_win_64/winavr/bin/../lib/gcc/avr/4.3.3/avr5\libgcc.a(_mul_sf.o)
                              ./HAL/Temp Sensor/LM35.o (__mulsf3)
d:/course amit/drive-download-20230526t152238z-001/sdk/sdk_win_64/sdk_win_64/sdk_win_64/winavr/bin/../lib/gcc/avr/4.3.3/avr5\libgcc.a(_div_sf.o)
                              ./HAL/Temp Sensor/LM35.o (__divsf3)
d:/course amit/drive-download-20230526t152238z-001/sdk/sdk_win_64/sdk_win_64/sdk_win_64/winavr/bin/../lib/gcc/avr/4.3.3/avr5\libgcc.a(_gt_sf.o)
                              ./HAL/Heater/Heater.o (__gtsf2)
d:/course amit/drive-download-20230526t152238z-001/sdk/sdk_win_64/sdk_win_64/sdk_win_64/winavr/bin/../lib/gcc/avr/4.3.3/avr5\libgcc.a(_ge_sf.o)
                              d:/course amit/drive-download-20230526t152238z-001/sdk/sdk_win_64/sdk_win_64/sdk_win_64/winavr/bin/../lib/gcc/avr/4.3.3/avr5\libgcc.a(_fixunssfsi.o) (__gesf2)
d:/course amit/drive-download-20230526t152238z-001/sdk/sdk_win_64/sdk_win_64/sdk_win_64/winavr/bin/../lib/gcc/avr/4.3.3/avr5\libgcc.a(_lt_sf.o)
                              ./HAL/Heater/Heater.o (__ltsf2)
d:/course amit/drive-download-20230526t152238z-001/sdk/sdk_win_64/sdk_win_64/sdk_win_64/winavr/bin/../lib/gcc/avr/4.3.3/avr5\libgcc.a(_si_to_sf.o)
                              ./Application/app.o (__floatsisf)
d:/course amit/drive-download-20230526t152238z-001/sdk/sdk_win_64/sdk_win_64/sdk_win_64/winavr/bin/../lib/gcc/avr/4.3.3/avr5\libgcc.a(_sf_to_si.o)
                              d:/course amit/drive-download-20230526t152238z-001/sdk/sdk_win_64/sdk_win_64/sdk_win_64/winavr/bin/../lib/gcc/avr/4.3.3/avr5\libgcc.a(_fixunssfsi.o) (__fixsfsi)
d:/course amit/drive-download-20230526t152238z-001/sdk/sdk_win_64/sdk_win_64/sdk_win_64/winavr/bin/../lib/gcc/avr/4.3.3/avr5\libgcc.a(_thenan_sf.o)
                              d:/course amit/drive-download-20230526t152238z-001/sdk/sdk_win_64/sdk_win_64/sdk_win_64/winavr/bin/../lib/gcc/avr/4.3.3/avr5\libgcc.a(_addsub_sf.o) (__thenan_sf)
d:/course amit/drive-download-20230526t152238z-001/sdk/sdk_win_64/sdk_win_64/sdk_win_64/winavr/bin/../lib/gcc/avr/4.3.3/avr5\libgcc.a(_usi_to_sf.o)
                              ./HAL/Temp Sensor/LM35.o (__floatunsisf)
d:/course amit/drive-download-20230526t152238z-001/sdk/sdk_win_64/sdk_win_64/sdk_win_64/winavr/bin/../lib/gcc/avr/4.3.3/avr5\libgcc.a(_prologue.o)
                              d:/course amit/drive-download-20230526t152238z-001/sdk/sdk_win_64/sdk_win_64/sdk_win_64/winavr/bin/../lib/gcc/avr/4.3.3/avr5\libgcc.a(_addsub_sf.o) (__prologue_saves__)
d:/course amit/drive-download-20230526t152238z-001/sdk/sdk_win_64/sdk_win_64/sdk_win_64/winavr/bin/../lib/gcc/avr/4.3.3/avr5\libgcc.a(_epilogue.o)
                              d:/course amit/drive-download-20230526t152238z-001/sdk/sdk_win_64/sdk_win_64/sdk_win_64/winavr/bin/../lib/gcc/avr/4.3.3/avr5\libgcc.a(_addsub_sf.o) (__epilogue_restores__)
d:/course amit/drive-download-20230526t152238z-001/sdk/sdk_win_64/sdk_win_64/sdk_win_64/winavr/bin/../lib/gcc/avr/4.3.3/avr5\libgcc.a(_clzsi2.o)
                              d:/course amit/drive-download-20230526t152238z-001/sdk/sdk_win_64/sdk_win_64/sdk_win_64/winavr/bin/../lib/gcc/avr/4.3.3/avr5\libgcc.a(_si_to_sf.o) (__clzsi2)
d:/course amit/drive-download-20230526t152238z-001/sdk/sdk_win_64/sdk_win_64/sdk_win_64/winavr/bin/../lib/gcc/avr/4.3.3/avr5\libgcc.a(_pack_sf.o)
                              d:/course amit/drive-download-20230526t152238z-001/sdk/sdk_win_64/sdk_win_64/sdk_win_64/winavr/bin/../lib/gcc/avr/4.3.3/avr5\libgcc.a(_addsub_sf.o) (__pack_f)
d:/course amit/drive-download-20230526t152238z-001/sdk/sdk_win_64/sdk_win_64/sdk_win_64/winavr/bin/../lib/gcc/avr/4.3.3/avr5\libgcc.a(_unpack_sf.o)
                              d:/course amit/drive-download-20230526t152238z-001/sdk/sdk_win_64/sdk_win_64/sdk_win_64/winavr/bin/../lib/gcc/avr/4.3.3/avr5\libgcc.a(_addsub_sf.o) (__unpack_f)
d:/course amit/drive-download-20230526t152238z-001/sdk/sdk_win_64/sdk_win_64/sdk_win_64/winavr/bin/../lib/gcc/avr/4.3.3/avr5\libgcc.a(_fpcmp_parts_sf.o)
                              d:/course amit/drive-download-20230526t152238z-001/sdk/sdk_win_64/sdk_win_64/sdk_win_64/winavr/bin/../lib/gcc/avr/4.3.3/avr5\libgcc.a(_gt_sf.o) (__fpcmp_parts_f)
d:/course amit/drive-download-20230526t152238z-001/sdk/sdk_win_64/sdk_win_64/sdk_win_64/winavr/bin/../lib/gcc/avr/4.3.3/avr5\libgcc.a(_clz.o)
                              d:/course amit/drive-download-20230526t152238z-001/sdk/sdk_win_64/sdk_win_64/sdk_win_64/winavr/bin/../lib/gcc/avr/4.3.3/avr5\libgcc.a(_clzsi2.o) (__clz_tab)

Memory Configuration

Name             Origin             Length             Attributes
text             0x00000000         0x00020000         xr
data             0x00800060         0x0000ffa0         rw !x
eeprom           0x00810000         0x00010000         rw !x
fuse             0x00820000         0x00000400         rw !x
lock             0x00830000         0x00000400         rw !x
signature        0x00840000         0x00000400         rw !x
*default*        0x00000000         0xffffffff

Linker script and memory map

LOAD d:/course amit/drive-download-20230526t152238z-001/sdk/sdk_win_64/sdk_win_64/sdk_win_64/winavr/bin/../lib/gcc/avr/4.3.3/../../../../avr/lib/avr5/crtm32.o
LOAD ./MCAL/Timer/timer.o
LOAD ./MCAL/TWI/TWI_program.o
LOAD ./MCAL/Interrupt/interrupt.o
LOAD ./MCAL/DIO0/DIO_prog.o
LOAD ./MCAL/ADC/ADC_program.o
LOAD ./HAL/Temp Sensor/LM35.o
LOAD ./HAL/LED/LED_program.o
LOAD ./HAL/Heater/Heater.o
LOAD ./HAL/EEPROM/EEPROM_program.o
LOAD ./HAL/Button/Button_program.o
LOAD ./HAL/7 Segment/Seven_Segment.o
LOAD ./Application/app.o
LOAD ./main.o
LOAD d:/course amit/drive-download-20230526t152238z-001/sdk/sdk_win_64/sdk_win_64/sdk_win_64/winavr/bin/../lib/gcc/avr/4.3.3/avr5\libgcc.a
LOAD d:/course amit/drive-download-20230526t152238z-001/sdk/sdk_win_64/sdk_win_64/sdk_win_64/winavr/bin/../lib/gcc/avr/4.3.3/../../../../avr/lib/avr5\libc.a
LOAD d:/course amit/drive-download-20230526t152238z-001/sdk/sdk_win_64/sdk_win_64/sdk_win_64/winavr/bin/../lib/gcc/avr/4.3.3/avr5\libgcc.a

.hash
 *(.hash)

.dynsym
 *(.dynsym)

.dynstr
 *(.dynstr)

.gnu.version
 *(.gnu.version)

.gnu.version_d
 *(.gnu.version_d)

.gnu.version_r
 *(.gnu.version_r)

.rel.init
 *(.rel.init)

.rela.init
 *(.rela.init)

.rel.text
 *(.rel.text)
 *(.rel.text.*)
 *(.rel.gnu.linkonce.t*)

.rela.text
 *(.rela.text)
 *(.rela.text.*)
 *(.rela.gnu.linkonce.t*)

.rel.fini
 *(.rel.fini)

.rela.fini
 *(.rela.fini)

.rel.rodata
 *(.rel.rodata)
 *(.rel.rodata.*)
 *(.rel.gnu.linkonce.r*)

.rela.rodata
 *(.rela.rodata)
 *(.rela.rodata.*)
 *(.rela.gnu.linkonce.r*)

.rel.data
 *(.rel.data)
 *(.rel.data.*)
 *(.rel.gnu.linkonce.d*)

.rela.data
 *(.rela.data)
 *(.rela.data.*)
 *(.rela.gnu.linkonce.d*)

.rel.ctors
 *(.rel.ctors)

.rela.ctors
 *(.rela.ctors)

.rel.dtors
 *(.rel.dtors)

.rela.dtors
 *(.rela.dtors)

.rel.got
 *(.rel.got)

.rela.got
 *(.rela.got)

.rel.bss
 *(.rel.bss)

.rela.bss
 *(.rela.bss)

.rel.plt
 *(.rel.plt)

.rela.plt
 *(.rela.plt)

.text           0x00000000     0x359c
 *(.vectors)
 .vectors       0x00000000       0x54 d:/course amit/drive-download-20230526t152238z-001/sdk/sdk_win_64/sdk_win_64/sdk_win_64/winavr/bin/../lib/gcc/avr/4.3.3/../../../../avr/lib/avr5/crtm32.o
                0x00000000                __vectors
                0x00000000                __vector_default
 *(.vectors)
 *(.progmem.gcc*)
 *(.progmem*)
                0x00000054                . = ALIGN (0x2)
                0x00000054                __trampolines_start = .
 *(.trampolines)
 .trampolines   0x00000054        0x0 linker stubs
 *(.trampolines*)
                0x00000054                __trampolines_end = .
 *(.jumptables)
 *(.jumptables*)
 *(.lowtext)
 *(.lowtext*)
                0x00000054                __ctors_start = .
 *(.ctors)
                0x00000054                __ctors_end = .
                0x00000054                __dtors_start = .
 *(.dtors)
                0x00000054                __dtors_end = .
 SORT(*)(.ctors)
 SORT(*)(.dtors)
 *(.init0)
 .init0         0x00000054        0x0 d:/course amit/drive-download-20230526t152238z-001/sdk/sdk_win_64/sdk_win_64/sdk_win_64/winavr/bin/../lib/gcc/avr/4.3.3/../../../../avr/lib/avr5/crtm32.o
                0x00000054                __init
 *(.init0)
 *(.init1)
 *(.init1)
 *(.init2)
 .init2         0x00000054        0xc d:/course amit/drive-download-20230526t152238z-001/sdk/sdk_win_64/sdk_win_64/sdk_win_64/winavr/bin/../lib/gcc/avr/4.3.3/../../../../avr/lib/avr5/crtm32.o
 *(.init2)
 *(.init3)
 *(.init3)
 *(.init4)
 .init4         0x00000060       0x16 d:/course amit/drive-download-20230526t152238z-001/sdk/sdk_win_64/sdk_win_64/sdk_win_64/winavr/bin/../lib/gcc/avr/4.3.3/avr5\libgcc.a(_copy_data.o)
                0x00000060                __do_copy_data
 .init4         0x00000076       0x10 d:/course amit/drive-download-20230526t152238z-001/sdk/sdk_win_64/sdk_win_64/sdk_win_64/winavr/bin/../lib/gcc/avr/4.3.3/avr5\libgcc.a(_clear_bss.o)
                0x00000076                __do_clear_bss
 *(.init4)
 *(.init5)
 *(.init5)
 *(.init6)
 *(.init6)
 *(.init7)
 *(.init7)
 *(.init8)
 *(.init8)
 *(.init9)
 .init9         0x00000086        0x8 d:/course amit/drive-download-20230526t152238z-001/sdk/sdk_win_64/sdk_win_64/sdk_win_64/winavr/bin/../lib/gcc/avr/4.3.3/../../../../avr/lib/avr5/crtm32.o
 *(.init9)
 *(.text)
 .text          0x0000008e        0x4 d:/course amit/drive-download-20230526t152238z-001/sdk/sdk_win_64/sdk_win_64/sdk_win_64/winavr/bin/../lib/gcc/avr/4.3.3/../../../../avr/lib/avr5/crtm32.o
                0x0000008e                __vector_12
                0x0000008e                __bad_interrupt
                0x0000008e                __vector_6
                0x0000008e                __vector_13
                0x0000008e                __vector_17
                0x0000008e                __vector_19
                0x0000008e                __vector_7
                0x0000008e                __vector_5
                0x0000008e                __vector_4
                0x0000008e                __vector_9
                0x0000008e                __vector_15
                0x0000008e                __vector_8
                0x0000008e                __vector_14
                0x0000008e                __vector_10
                0x0000008e                __vector_16
                0x0000008e                __vector_18
                0x0000008e                __vector_20
 .text          0x00000092        0x0 ./MCAL/Timer/timer.o
 .text          0x00000092        0x0 ./MCAL/TWI/TWI_program.o
 .text          0x00000092        0x0 ./MCAL/Interrupt/interrupt.o
 .text          0x00000092        0x0 ./MCAL/DIO0/DIO_prog.o
 .text          0x00000092        0x0 ./MCAL/ADC/ADC_program.o
 .text          0x00000092        0x0 ./HAL/Temp Sensor/LM35.o
 .text          0x00000092        0x0 ./HAL/LED/LED_program.o
 .text          0x00000092        0x0 ./HAL/Heater/Heater.o
 .text          0x00000092        0x0 ./HAL/EEPROM/EEPROM_program.o
 .text          0x00000092        0x0 ./HAL/Button/Button_program.o
 .text          0x00000092        0x0 ./HAL/7 Segment/Seven_Segment.o
 .text          0x00000092        0x0 ./Application/app.o
 .text          0x00000092        0x0 ./main.o
 .text          0x00000092        0x0 d:/course amit/drive-download-20230526t152238z-001/sdk/sdk_win_64/sdk_win_64/sdk_win_64/winavr/bin/../lib/gcc/avr/4.3.3/avr5\libgcc.a(_udivmodqi4.o)
 .text          0x00000092        0x0 d:/course amit/drive-download-20230526t152238z-001/sdk/sdk_win_64/sdk_win_64/sdk_win_64/winavr/bin/../lib/gcc/avr/4.3.3/avr5\libgcc.a(_udivmodsi4.o)
 .text          0x00000092        0x0 d:/course amit/drive-download-20230526t152238z-001/sdk/sdk_win_64/sdk_win_64/sdk_win_64/winavr/bin/../lib/gcc/avr/4.3.3/avr5\libgcc.a(_exit.o)
 .text          0x00000092        0x0 d:/course amit/drive-download-20230526t152238z-001/sdk/sdk_win_64/sdk_win_64/sdk_win_64/winavr/bin/../lib/gcc/avr/4.3.3/avr5\libgcc.a(_copy_data.o)
 .text          0x00000092        0x0 d:/course amit/drive-download-20230526t152238z-001/sdk/sdk_win_64/sdk_win_64/sdk_win_64/winavr/bin/../lib/gcc/avr/4.3.3/avr5\libgcc.a(_clear_bss.o)
 .text          0x00000092       0x58 d:/course amit/drive-download-20230526t152238z-001/sdk/sdk_win_64/sdk_win_64/sdk_win_64/winavr/bin/../lib/gcc/avr/4.3.3/avr5\libgcc.a(_fixunssfsi.o)
                0x00000092                __fixunssfsi
 .text          0x000000ea      0x354 d:/course amit/drive-download-20230526t152238z-001/sdk/sdk_win_64/sdk_win_64/sdk_win_64/winavr/bin/../lib/gcc/avr/4.3.3/avr5\libgcc.a(_addsub_sf.o)
                0x00000382                __subsf3
                0x000003e4                __addsf3
 .text          0x0000043e      0x1f4 d:/course amit/drive-download-20230526t152238z-001/sdk/sdk_win_64/sdk_win_64/sdk_win_64/winavr/bin/../lib/gcc/avr/4.3.3/avr5\libgcc.a(_mul_sf.o)
                0x0000043e                __mulsf3
 .text          0x00000632      0x158 d:/course amit/drive-download-20230526t152238z-001/sdk/sdk_win_64/sdk_win_64/sdk_win_64/winavr/bin/../lib/gcc/avr/4.3.3/avr5\libgcc.a(_div_sf.o)
                0x00000632                __divsf3
 .text          0x0000078a       0x60 d:/course amit/drive-download-20230526t152238z-001/sdk/sdk_win_64/sdk_win_64/sdk_win_64/winavr/bin/../lib/gcc/avr/4.3.3/avr5\libgcc.a(_gt_sf.o)
                0x0000078a                __gtsf2
 .text          0x000007ea       0x60 d:/course amit/drive-download-20230526t152238z-001/sdk/sdk_win_64/sdk_win_64/sdk_win_64/winavr/bin/../lib/gcc/avr/4.3.3/avr5\libgcc.a(_ge_sf.o)
                0x000007ea                __gesf2
 .text          0x0000084a       0x60 d:/course amit/drive-download-20230526t152238z-001/sdk/sdk_win_64/sdk_win_64/sdk_win_64/winavr/bin/../lib/gcc/avr/4.3.3/avr5\libgcc.a(_lt_sf.o)
                0x0000084a                __ltsf2
 .text          0x000008aa       0xbc d:/course amit/drive-download-20230526t152238z-001/sdk/sdk_win_64/sdk_win_64/sdk_win_64/winavr/bin/../lib/gcc/avr/4.3.3/avr5\libgcc.a(_si_to_sf.o)
                0x000008aa                __floatsisf
 .text          0x00000966       0xa8 d:/course amit/drive-download-20230526t152238z-001/sdk/sdk_win_64/sdk_win_64/sdk_win_64/winavr/bin/../lib/gcc/avr/4.3.3/avr5\libgcc.a(_sf_to_si.o)
                0x00000966                __fixsfsi
 .text          0x00000a0e        0x0 d:/course amit/drive-download-20230526t152238z-001/sdk/sdk_win_64/sdk_win_64/sdk_win_64/winavr/bin/../lib/gcc/avr/4.3.3/avr5\libgcc.a(_thenan_sf.o)
 .text          0x00000a0e       0xf2 d:/course amit/drive-download-20230526t152238z-001/sdk/sdk_win_64/sdk_win_64/sdk_win_64/winavr/bin/../lib/gcc/avr/4.3.3/avr5\libgcc.a(_usi_to_sf.o)
                0x00000a0e                __floatunsisf
 .text          0x00000b00        0x0 d:/course amit/drive-download-20230526t152238z-001/sdk/sdk_win_64/sdk_win_64/sdk_win_64/winavr/bin/../lib/gcc/avr/4.3.3/avr5\libgcc.a(_prologue.o)
 .text          0x00000b00        0x0 d:/course amit/drive-download-20230526t152238z-001/sdk/sdk_win_64/sdk_win_64/sdk_win_64/winavr/bin/../lib/gcc/avr/4.3.3/avr5\libgcc.a(_epilogue.o)
 .text          0x00000b00       0x9e d:/course amit/drive-download-20230526t152238z-001/sdk/sdk_win_64/sdk_win_64/sdk_win_64/winavr/bin/../lib/gcc/avr/4.3.3/avr5\libgcc.a(_clzsi2.o)
                0x00000b00                __clzsi2
 .text          0x00000b9e      0x1aa d:/course amit/drive-download-20230526t152238z-001/sdk/sdk_win_64/sdk_win_64/sdk_win_64/winavr/bin/../lib/gcc/avr/4.3.3/avr5\libgcc.a(_pack_sf.o)
                0x00000b9e                __pack_f
 .text          0x00000d48       0xf0 d:/course amit/drive-download-20230526t152238z-001/sdk/sdk_win_64/sdk_win_64/sdk_win_64/winavr/bin/../lib/gcc/avr/4.3.3/avr5\libgcc.a(_unpack_sf.o)
                0x00000d48                __unpack_f
 .text          0x00000e38       0xb2 d:/course amit/drive-download-20230526t152238z-001/sdk/sdk_win_64/sdk_win_64/sdk_win_64/winavr/bin/../lib/gcc/avr/4.3.3/avr5\libgcc.a(_fpcmp_parts_sf.o)
                0x00000e38                __fpcmp_parts_f
 .text          0x00000eea        0x0 d:/course amit/drive-download-20230526t152238z-001/sdk/sdk_win_64/sdk_win_64/sdk_win_64/winavr/bin/../lib/gcc/avr/4.3.3/avr5\libgcc.a(_clz.o)
                0x00000eea                . = ALIGN (0x2)
 *(.text.*)
 .text.timer0_init
                0x00000eea       0xd4 ./MCAL/Timer/timer.o
                0x00000eea                timer0_init
 .text.timer0_start
                0x00000fbe      0x144 ./MCAL/Timer/timer.o
                0x00000fbe                timer0_start
 .text.timer0_intial_val
                0x00001102       0x1c ./MCAL/Timer/timer.o
                0x00001102                timer0_intial_val
 .text.timer0_stop
                0x0000111e       0x38 ./MCAL/Timer/timer.o
                0x0000111e                timer0_stop
 .text.counter0_start
                0x00001156       0x90 ./MCAL/Timer/timer.o
                0x00001156                counter0_start
 .text.timer0_wait_for_flag
                0x000011e6       0x7c ./MCAL/Timer/timer.o
                0x000011e6                timer0_wait_for_flag
 .text.timer0_status
                0x00001262       0x24 ./MCAL/Timer/timer.o
                0x00001262                timer0_status
 .text.timer0_interrupt
                0x00001286       0x56 ./MCAL/Timer/timer.o
                0x00001286                timer0_interrupt
 .text.delay    0x000012dc       0x3e ./MCAL/Timer/timer.o
                0x000012dc                delay
 .text.TWI_Init
                0x0000131a       0x2c ./MCAL/TWI/TWI_program.o
                0x0000131a                TWI_Init
 .text.TWI_Start
                0x00001346       0x20 ./MCAL/TWI/TWI_program.o
                0x00001346                TWI_Start
 .text.TWI_Stop
                0x00001366       0x16 ./MCAL/TWI/TWI_program.o
                0x00001366                TWI_Stop
 .text.TWI_Write
                0x0000137c       0x2e ./MCAL/TWI/TWI_program.o
                0x0000137c                TWI_Write
 .text.TWI_Read_With_ACK
                0x000013aa       0x26 ./MCAL/TWI/TWI_program.o
                0x000013aa                TWI_Read_With_ACK
 .text.TWI_Read_With_NACK
                0x000013d0       0x26 ./MCAL/TWI/TWI_program.o
                0x000013d0                TWI_Read_With_NACK
 .text.TWI_Get_Status
                0x000013f6       0x1e ./MCAL/TWI/TWI_program.o
                0x000013f6                TWI_Get_Status
 .text.global_interrupt_state
                0x00001414       0x38 ./MCAL/Interrupt/interrupt.o
                0x00001414                global_interrupt_state
 .text.interrupt_init
                0x0000144c      0x228 ./MCAL/Interrupt/interrupt.o
                0x0000144c                interrupt_init
 .text.interrupt_wait_for_flag
                0x00001674       0xaa ./MCAL/Interrupt/interrupt.o
                0x00001674                interrupt_wait_for_flag
 .text.interrupt_enable
                0x0000171e       0x6e ./MCAL/Interrupt/interrupt.o
                0x0000171e                interrupt_enable
 .text.interrupt_disable
                0x0000178c       0x6e ./MCAL/Interrupt/interrupt.o
                0x0000178c                interrupt_disable
 .text.DIO_vidSetPinDirection
                0x000017fa      0x1de ./MCAL/DIO0/DIO_prog.o
                0x000017fa                DIO_vidSetPinDirection
 .text.DIO_vidSetPinValue
                0x000019d8      0x1de ./MCAL/DIO0/DIO_prog.o
                0x000019d8                DIO_vidSetPinValue
 .text.DIO_vidTogglePinValue
                0x00001bb6      0x10a ./MCAL/DIO0/DIO_prog.o
                0x00001bb6                DIO_vidTogglePinValue
 .text.DIO_u8GetPinValue
                0x00001cc0      0x106 ./MCAL/DIO0/DIO_prog.o
                0x00001cc0                DIO_u8GetPinValue
 .text.ADC_init
                0x00001dc6      0x23c ./MCAL/ADC/ADC_program.o
                0x00001dc6                ADC_init
 .text.ADC_ReadChannel
                0x00002002       0xaa ./MCAL/ADC/ADC_program.o
                0x00002002                ADC_ReadChannel
 .text.LM35_init
                0x000020ac       0x22 ./HAL/Temp Sensor/LM35.o
                0x000020ac                LM35_init
 .text.LM35_Read
                0x000020ce       0xa8 ./HAL/Temp Sensor/LM35.o
                0x000020ce                LM35_Read
 .text.LED_init
                0x00002176       0x22 ./HAL/LED/LED_program.o
                0x00002176                LED_init
 .text.LED_on   0x00002198       0x22 ./HAL/LED/LED_program.o
                0x00002198                LED_on
 .text.LED_off  0x000021ba       0x22 ./HAL/LED/LED_program.o
                0x000021ba                LED_off
 .text.LED_toggle
                0x000021dc       0x42 ./HAL/LED/LED_program.o
                0x000021dc                LED_toggle
 .text.HEAT_INIT
                0x0000221e       0x18 ./HAL/Heater/Heater.o
                0x0000221e                HEAT_INIT
 .text.HEAT_START
                0x00002236       0x18 ./HAL/Heater/Heater.o
                0x00002236                HEAT_START
 .text.HEAT_STOP
                0x0000224e       0x18 ./HAL/Heater/Heater.o
                0x0000224e                HEAT_STOP
 .text.COOL_INIT
                0x00002266       0x18 ./HAL/Heater/Heater.o
                0x00002266                COOL_INIT
 .text.COOL_START
                0x0000227e       0x18 ./HAL/Heater/Heater.o
                0x0000227e                COOL_START
 .text.COOL_STOP
                0x00002296       0x18 ./HAL/Heater/Heater.o
                0x00002296                COOL_STOP
 .text.State_led_INIT
                0x000022ae       0x18 ./HAL/Heater/Heater.o
                0x000022ae                State_led_INIT
 .text.State_led_start
                0x000022c6       0x18 ./HAL/Heater/Heater.o
                0x000022c6                State_led_start
 .text.State_led_stop
                0x000022de       0x18 ./HAL/Heater/Heater.o
                0x000022de                State_led_stop
 .text.State_led_tog
                0x000022f6      0x11e ./HAL/Heater/Heater.o
                0x000022f6                State_led_tog
 .text.getState
                0x00002414       0x3a ./HAL/Heater/Heater.o
                0x00002414                getState
 .text.EEPROM_init
                0x0000244e       0x12 ./HAL/EEPROM/EEPROM_program.o
                0x0000244e                EEPROM_init
 .text.EEPROM_WRITE
                0x00002460       0x4a ./HAL/EEPROM/EEPROM_program.o
                0x00002460                EEPROM_WRITE
 .text.EEPROM_READ
                0x000024aa       0x6e ./HAL/EEPROM/EEPROM_program.o
                0x000024aa                EEPROM_READ
 .text.button_init
                0x00002518       0x54 ./HAL/Button/Button_program.o
                0x00002518                button_init
 .text.button_state
                0x0000256c       0x20 ./HAL/Button/Button_program.o
                0x0000256c                button_state
 .text.Seven_segment_enable
                0x0000258c       0x4a ./HAL/7 Segment/Seven_Segment.o
                0x0000258c                Seven_segment_enable
 .text.Seven_segment_disable
                0x000025d6       0x4a ./HAL/7 Segment/Seven_Segment.o
                0x000025d6                Seven_segment_disable
 .text.Seven_segment_init
                0x00002620       0x76 ./HAL/7 Segment/Seven_Segment.o
                0x00002620                Seven_segment_init
 .text.Write_Seven_segment
                0x00002696      0x19e ./HAL/7 Segment/Seven_Segment.o
                0x00002696                Write_Seven_segment
 .text.Read_Seven_segment
                0x00002834       0x3c ./HAL/7 Segment/Seven_Segment.o
                0x00002834                Read_Seven_segment
 .text.BothSevenSegmentWrite
                0x00002870      0x254 ./HAL/7 Segment/Seven_Segment.o
                0x00002870                BothSevenSegmentWrite
 .text.BothSevenSegmentWriteFloat
                0x00002ac4      0x288 ./HAL/7 Segment/Seven_Segment.o
                0x00002ac4                BothSevenSegmentWriteFloat
 .text.SevenSegmentWriteFloat
                0x00002d4c       0xae ./HAL/7 Segment/Seven_Segment.o
                0x00002d4c                SevenSegmentWriteFloat
 .text.APP_init
                0x00002dfa      0x182 ./Application/app.o
                0x00002dfa                APP_init
 .text.APP_start
                0x00002f7c       0x4a ./Application/app.o
                0x00002f7c                APP_start
 .text.OFF_STATE
                0x00002fc6       0x36 ./Application/app.o
 .text.ON_STATE
                0x00002ffc      0x15c ./Application/app.o
 .text.TempSense
                0x00003158      0x110 ./Application/app.o
 .text.SETT_STATE
                0x00003268       0x76 ./Application/app.o
 .text.SevenSegmentBlink
                0x000032de       0x56 ./Application/app.o
 .text.__vector_1
                0x00003334       0x56 ./Application/app.o
                0x00003334                __vector_1
 .text.__vector_2
                0x0000338a       0x56 ./Application/app.o
                0x0000338a                __vector_2
 .text.__vector_3
                0x000033e0       0x40 ./Application/app.o
                0x000033e0                __vector_3
 .text.__vector_11
                0x00003420       0x94 ./Application/app.o
                0x00003420                __vector_11
 .text.main     0x000034b4       0x1a ./main.o
                0x000034b4                main
 .text.libgcc   0x000034ce       0x18 d:/course amit/drive-download-20230526t152238z-001/sdk/sdk_win_64/sdk_win_64/sdk_win_64/winavr/bin/../lib/gcc/avr/4.3.3/avr5\libgcc.a(_udivmodqi4.o)
                0x000034ce                __udivmodqi4
 .text.libgcc   0x000034e6       0x44 d:/course amit/drive-download-20230526t152238z-001/sdk/sdk_win_64/sdk_win_64/sdk_win_64/winavr/bin/../lib/gcc/avr/4.3.3/avr5\libgcc.a(_udivmodsi4.o)
                0x000034e6                __udivmodsi4
 .text.libgcc   0x0000352a        0x0 d:/course amit/drive-download-20230526t152238z-001/sdk/sdk_win_64/sdk_win_64/sdk_win_64/winavr/bin/../lib/gcc/avr/4.3.3/avr5\libgcc.a(_exit.o)
 .text.libgcc   0x0000352a        0x0 d:/course amit/drive-download-20230526t152238z-001/sdk/sdk_win_64/sdk_win_64/sdk_win_64/winavr/bin/../lib/gcc/avr/4.3.3/avr5\libgcc.a(_copy_data.o)
 .text.libgcc   0x0000352a        0x0 d:/course amit/drive-download-20230526t152238z-001/sdk/sdk_win_64/sdk_win_64/sdk_win_64/winavr/bin/../lib/gcc/avr/4.3.3/avr5\libgcc.a(_clear_bss.o)
 .text.libgcc   0x0000352a       0x38 d:/course amit/drive-download-20230526t152238z-001/sdk/sdk_win_64/sdk_win_64/sdk_win_64/winavr/bin/../lib/gcc/avr/4.3.3/avr5\libgcc.a(_prologue.o)
                0x0000352a                __prologue_saves__
 .text.libgcc   0x00003562       0x36 d:/course amit/drive-download-20230526t152238z-001/sdk/sdk_win_64/sdk_win_64/sdk_win_64/winavr/bin/../lib/gcc/avr/4.3.3/avr5\libgcc.a(_epilogue.o)
                0x00003562                __epilogue_restores__
                0x00003598                . = ALIGN (0x2)
 *(.fini9)
 .fini9         0x00003598        0x0 d:/course amit/drive-download-20230526t152238z-001/sdk/sdk_win_64/sdk_win_64/sdk_win_64/winavr/bin/../lib/gcc/avr/4.3.3/avr5\libgcc.a(_exit.o)
                0x00003598                exit
                0x00003598                _exit
 *(.fini9)
 *(.fini8)
 *(.fini8)
 *(.fini7)
 *(.fini7)
 *(.fini6)
 *(.fini6)
 *(.fini5)
 *(.fini5)
 *(.fini4)
 *(.fini4)
 *(.fini3)
 *(.fini3)
 *(.fini2)
 *(.fini2)
 *(.fini1)
 *(.fini1)
 *(.fini0)
 .fini0         0x00003598        0x4 d:/course amit/drive-download-20230526t152238z-001/sdk/sdk_win_64/sdk_win_64/sdk_win_64/winavr/bin/../lib/gcc/avr/4.3.3/avr5\libgcc.a(_exit.o)
 *(.fini0)
                0x0000359c                _etext = .

.data           0x00800060      0x10a load address 0x0000359c
                0x00800060                PROVIDE (__data_start, .)
 *(.data)
 .data          0x00800060        0x0 d:/course amit/drive-download-20230526t152238z-001/sdk/sdk_win_64/sdk_win_64/sdk_win_64/winavr/bin/../lib/gcc/avr/4.3.3/../../../../avr/lib/avr5/crtm32.o
 .data          0x00800060        0x0 ./MCAL/Timer/timer.o
 .data          0x00800060        0x0 ./MCAL/TWI/TWI_program.o
 .data          0x00800060        0x0 ./MCAL/Interrupt/interrupt.o
 .data          0x00800060        0x0 ./MCAL/DIO0/DIO_prog.o
 .data          0x00800060        0x0 ./MCAL/ADC/ADC_program.o
 .data          0x00800060        0x0 ./HAL/Temp Sensor/LM35.o
 .data          0x00800060        0x0 ./HAL/LED/LED_program.o
 .data          0x00800060        0x0 ./HAL/Heater/Heater.o
 .data          0x00800060        0x0 ./HAL/EEPROM/EEPROM_program.o
 .data          0x00800060        0x0 ./HAL/Button/Button_program.o
 .data          0x00800060        0x0 ./HAL/7 Segment/Seven_Segment.o
 .data          0x00800060        0x0 ./Application/app.o
 .data          0x00800060        0x0 ./main.o
 .data          0x00800060        0x0 d:/course amit/drive-download-20230526t152238z-001/sdk/sdk_win_64/sdk_win_64/sdk_win_64/winavr/bin/../lib/gcc/avr/4.3.3/avr5\libgcc.a(_udivmodqi4.o)
 .data          0x00800060        0x0 d:/course amit/drive-download-20230526t152238z-001/sdk/sdk_win_64/sdk_win_64/sdk_win_64/winavr/bin/../lib/gcc/avr/4.3.3/avr5\libgcc.a(_udivmodsi4.o)
 .data          0x00800060        0x0 d:/course amit/drive-download-20230526t152238z-001/sdk/sdk_win_64/sdk_win_64/sdk_win_64/winavr/bin/../lib/gcc/avr/4.3.3/avr5\libgcc.a(_exit.o)
 .data          0x00800060        0x0 d:/course amit/drive-download-20230526t152238z-001/sdk/sdk_win_64/sdk_win_64/sdk_win_64/winavr/bin/../lib/gcc/avr/4.3.3/avr5\libgcc.a(_copy_data.o)
 .data          0x00800060        0x0 d:/course amit/drive-download-20230526t152238z-001/sdk/sdk_win_64/sdk_win_64/sdk_win_64/winavr/bin/../lib/gcc/avr/4.3.3/avr5\libgcc.a(_clear_bss.o)
 .data          0x00800060        0x0 d:/course amit/drive-download-20230526t152238z-001/sdk/sdk_win_64/sdk_win_64/sdk_win_64/winavr/bin/../lib/gcc/avr/4.3.3/avr5\libgcc.a(_fixunssfsi.o)
 .data          0x00800060        0x0 d:/course amit/drive-download-20230526t152238z-001/sdk/sdk_win_64/sdk_win_64/sdk_win_64/winavr/bin/../lib/gcc/avr/4.3.3/avr5\libgcc.a(_addsub_sf.o)
 .data          0x00800060        0x0 d:/course amit/drive-download-20230526t152238z-001/sdk/sdk_win_64/sdk_win_64/sdk_win_64/winavr/bin/../lib/gcc/avr/4.3.3/avr5\libgcc.a(_mul_sf.o)
 .data          0x00800060        0x0 d:/course amit/drive-download-20230526t152238z-001/sdk/sdk_win_64/sdk_win_64/sdk_win_64/winavr/bin/../lib/gcc/avr/4.3.3/avr5\libgcc.a(_div_sf.o)
 .data          0x00800060        0x0 d:/course amit/drive-download-20230526t152238z-001/sdk/sdk_win_64/sdk_win_64/sdk_win_64/winavr/bin/../lib/gcc/avr/4.3.3/avr5\libgcc.a(_gt_sf.o)
 .data          0x00800060        0x0 d:/course amit/drive-download-20230526t152238z-001/sdk/sdk_win_64/sdk_win_64/sdk_win_64/winavr/bin/../lib/gcc/avr/4.3.3/avr5\libgcc.a(_ge_sf.o)
 .data          0x00800060        0x0 d:/course amit/drive-download-20230526t152238z-001/sdk/sdk_win_64/sdk_win_64/sdk_win_64/winavr/bin/../lib/gcc/avr/4.3.3/avr5\libgcc.a(_lt_sf.o)
 .data          0x00800060        0x0 d:/course amit/drive-download-20230526t152238z-001/sdk/sdk_win_64/sdk_win_64/sdk_win_64/winavr/bin/../lib/gcc/avr/4.3.3/avr5\libgcc.a(_si_to_sf.o)
 .data          0x00800060        0x0 d:/course amit/drive-download-20230526t152238z-001/sdk/sdk_win_64/sdk_win_64/sdk_win_64/winavr/bin/../lib/gcc/avr/4.3.3/avr5\libgcc.a(_sf_to_si.o)
 .data          0x00800060        0x8 d:/course amit/drive-download-20230526t152238z-001/sdk/sdk_win_64/sdk_win_64/sdk_win_64/winavr/bin/../lib/gcc/avr/4.3.3/avr5\libgcc.a(_thenan_sf.o)
                0x00800060                __thenan_sf
 .data          0x00800068        0x0 d:/course amit/drive-download-20230526t152238z-001/sdk/sdk_win_64/sdk_win_64/sdk_win_64/winavr/bin/../lib/gcc/avr/4.3.3/avr5\libgcc.a(_usi_to_sf.o)
 .data          0x00800068        0x0 d:/course amit/drive-download-20230526t152238z-001/sdk/sdk_win_64/sdk_win_64/sdk_win_64/winavr/bin/../lib/gcc/avr/4.3.3/avr5\libgcc.a(_prologue.o)
 .data          0x00800068        0x0 d:/course amit/drive-download-20230526t152238z-001/sdk/sdk_win_64/sdk_win_64/sdk_win_64/winavr/bin/../lib/gcc/avr/4.3.3/avr5\libgcc.a(_epilogue.o)
 .data          0x00800068        0x0 d:/course amit/drive-download-20230526t152238z-001/sdk/sdk_win_64/sdk_win_64/sdk_win_64/winavr/bin/../lib/gcc/avr/4.3.3/avr5\libgcc.a(_clzsi2.o)
 .data          0x00800068        0x0 d:/course amit/drive-download-20230526t152238z-001/sdk/sdk_win_64/sdk_win_64/sdk_win_64/winavr/bin/../lib/gcc/avr/4.3.3/avr5\libgcc.a(_pack_sf.o)
 .data          0x00800068        0x0 d:/course amit/drive-download-20230526t152238z-001/sdk/sdk_win_64/sdk_win_64/sdk_win_64/winavr/bin/../lib/gcc/avr/4.3.3/avr5\libgcc.a(_unpack_sf.o)
 .data          0x00800068        0x0 d:/course amit/drive-download-20230526t152238z-001/sdk/sdk_win_64/sdk_win_64/sdk_win_64/winavr/bin/../lib/gcc/avr/4.3.3/avr5\libgcc.a(_fpcmp_parts_sf.o)
 .data          0x00800068      0x100 d:/course amit/drive-download-20230526t152238z-001/sdk/sdk_win_64/sdk_win_64/sdk_win_64/winavr/bin/../lib/gcc/avr/4.3.3/avr5\libgcc.a(_clz.o)
                0x00800068                __clz_tab
 *(.data*)
 .data.setTemp  0x00800168        0x1 ./Application/app.o
                0x00800168                setTemp
 *(.rodata)
 *(.rodata*)
 *(.gnu.linkonce.d*)
                0x0080016a                . = ALIGN (0x2)
 *fill*         0x00800169        0x1 00
                0x0080016a                _edata = .
                0x0080016a                PROVIDE (__data_end, .)

.bss            0x0080016a        0x9
                0x0080016a                PROVIDE (__bss_start, .)
 *(.bss)
 .bss           0x0080016a        0x0 d:/course amit/drive-download-20230526t152238z-001/sdk/sdk_win_64/sdk_win_64/sdk_win_64/winavr/bin/../lib/gcc/avr/4.3.3/../../../../avr/lib/avr5/crtm32.o
 .bss           0x0080016a        0x0 ./MCAL/Timer/timer.o
 .bss           0x0080016a        0x0 ./MCAL/TWI/TWI_program.o
 .bss           0x0080016a        0x0 ./MCAL/Interrupt/interrupt.o
 .bss           0x0080016a        0x0 ./MCAL/DIO0/DIO_prog.o
 .bss           0x0080016a        0x0 ./MCAL/ADC/ADC_program.o
 .bss           0x0080016a        0x0 ./HAL/Temp Sensor/LM35.o
 .bss           0x0080016a        0x0 ./HAL/LED/LED_program.o
 .bss           0x0080016a        0x0 ./HAL/Heater/Heater.o
 .bss           0x0080016a        0x0 ./HAL/EEPROM/EEPROM_program.o
 .bss           0x0080016a        0x0 ./HAL/Button/Button_program.o
 .bss           0x0080016a        0x0 ./HAL/7 Segment/Seven_Segment.o
 .bss           0x0080016a        0x0 ./Application/app.o
 .bss           0x0080016a        0x0 ./main.o
 .bss           0x0080016a        0x0 d:/course amit/drive-download-20230526t152238z-001/sdk/sdk_win_64/sdk_win_64/sdk_win_64/winavr/bin/../lib/gcc/avr/4.3.3/avr5\libgcc.a(_udivmodqi4.o)
 .bss           0x0080016a        0x0 d:/course amit/drive-download-20230526t152238z-001/sdk/sdk_win_64/sdk_win_64/sdk_win_64/winavr/bin/../lib/gcc/avr/4.3.3/avr5\libgcc.a(_udivmodsi4.o)
 .bss           0x0080016a        0x0 d:/course amit/drive-download-20230526t152238z-001/sdk/sdk_win_64/sdk_win_64/sdk_win_64/winavr/bin/../lib/gcc/avr/4.3.3/avr5\libgcc.a(_exit.o)
 .bss           0x0080016a        0x0 d:/course amit/drive-download-20230526t152238z-001/sdk/sdk_win_64/sdk_win_64/sdk_win_64/winavr/bin/../lib/gcc/avr/4.3.3/avr5\libgcc.a(_copy_data.o)
 .bss           0x0080016a        0x0 d:/course amit/drive-download-20230526t152238z-001/sdk/sdk_win_64/sdk_win_64/sdk_win_64/winavr/bin/../lib/gcc/avr/4.3.3/avr5\libgcc.a(_clear_bss.o)
 .bss           0x0080016a        0x0 d:/course amit/drive-download-20230526t152238z-001/sdk/sdk_win_64/sdk_win_64/sdk_win_64/winavr/bin/../lib/gcc/avr/4.3.3/avr5\libgcc.a(_fixunssfsi.o)
 .bss           0x0080016a        0x0 d:/course amit/drive-download-20230526t152238z-001/sdk/sdk_win_64/sdk_win_64/sdk_win_64/winavr/bin/../lib/gcc/avr/4.3.3/avr5\libgcc.a(_addsub_sf.o)
 .bss           0x0080016a        0x0 d:/course amit/drive-download-20230526t152238z-001/sdk/sdk_win_64/sdk_win_64/sdk_win_64/winavr/bin/../lib/gcc/avr/4.3.3/avr5\libgcc.a(_mul_sf.o)
 .bss           0x0080016a        0x0 d:/course amit/drive-download-20230526t152238z-001/sdk/sdk_win_64/sdk_win_64/sdk_win_64/winavr/bin/../lib/gcc/avr/4.3.3/avr5\libgcc.a(_div_sf.o)
 .bss           0x0080016a        0x0 d:/course amit/drive-download-20230526t152238z-001/sdk/sdk_win_64/sdk_win_64/sdk_win_64/winavr/bin/../lib/gcc/avr/4.3.3/avr5\libgcc.a(_gt_sf.o)
 .bss           0x0080016a        0x0 d:/course amit/drive-download-20230526t152238z-001/sdk/sdk_win_64/sdk_win_64/sdk_win_64/winavr/bin/../lib/gcc/avr/4.3.3/avr5\libgcc.a(_ge_sf.o)
 .bss           0x0080016a        0x0 d:/course amit/drive-download-20230526t152238z-001/sdk/sdk_win_64/sdk_win_64/sdk_win_64/winavr/bin/../lib/gcc/avr/4.3.3/avr5\libgcc.a(_lt_sf.o)
 .bss           0x0080016a        0x0 d:/course amit/drive-download-20230526t152238z-001/sdk/sdk_win_64/sdk_win_64/sdk_win_64/winavr/bin/../lib/gcc/avr/4.3.3/avr5\libgcc.a(_si_to_sf.o)
 .bss           0x0080016a        0x0 d:/course amit/drive-download-20230526t152238z-001/sdk/sdk_win_64/sdk_win_64/sdk_win_64/winavr/bin/../lib/gcc/avr/4.3.3/avr5\libgcc.a(_sf_to_si.o)
 .bss           0x0080016a        0x0 d:/course amit/drive-download-20230526t152238z-001/sdk/sdk_win_64/sdk_win_64/sdk_win_64/winavr/bin/../lib/gcc/avr/4.3.3/avr5\libgcc.a(_thenan_sf.o)
 .bss           0x0080016a        0x0 d:/course amit/drive-download-20230526t152238z-001/sdk/sdk_win_64/sdk_win_64/sdk_win_64/winavr/bin/../lib/gcc/avr/4.3.3/avr5\libgcc.a(_usi_to_sf.o)
 .bss           0x0080016a        0x0 d:/course amit/drive-download-20230526t152238z-001/sdk/sdk_win_64/sdk_win_64/sdk_win_64/winavr/bin/../lib/gcc/avr/4.3.3/avr5\libgcc.a(_prologue.o)
 .bss           0x0080016a        0x0 d:/course amit/drive-download-20230526t152238z-001/sdk/sdk_win_64/sdk_win_64/sdk_win_64/winavr/bin/../lib/gcc/avr/4.3.3/avr5\libgcc.a(_epilogue.o)
 .bss           0x0080016a        0x0 d:/course amit/drive-download-20230526t152238z-001/sdk/sdk_win_64/sdk_win_64/sdk_win_64/winavr/bin/../lib/gcc/avr/4.3.3/avr5\libgcc.a(_clzsi2.o)
 .bss           0x0080016a        0x0 d:/course amit/drive-download-20230526t152238z-001/sdk/sdk_win_64/sdk_win_64/sdk_win_64/winavr/bin/../lib/gcc/avr/4.3.3/avr5\libgcc.a(_pack_sf.o)
 .bss           0x0080016a        0x0 d:/course amit/drive-download-20230526t152238z-001/sdk/sdk_win_64/sdk_win_64/sdk_win_64/winavr/bin/../lib/gcc/avr/4.3.3/avr5\libgcc.a(_unpack_sf.o)
 .bss           0x0080016a        0x0 d:/course amit/drive-download-20230526t152238z-001/sdk/sdk_win_64/sdk_win_64/sdk_win_64/winavr/bin/../lib/gcc/avr/4.3.3/avr5\libgcc.a(_fpcmp_parts_sf.o)
 .bss           0x0080016a        0x0 d:/course amit/drive-download-20230526t152238z-001/sdk/sdk_win_64/sdk_win_64/sdk_win_64/winavr/bin/../lib/gcc/avr/4.3.3/avr5\libgcc.a(_clz.o)
 *(.bss*)
 .bss.state     0x0080016a        0x1 ./Application/app.o
                0x0080016a                state
 .bss.prevState
                0x0080016b        0x1 ./Application/app.o
                0x0080016b                prevState
 .bss.timerFlag
                0x0080016c        0x1 ./Application/app.o
                0x0080016c                timerFlag
 .bss.counterFlag
                0x0080016d        0x1 ./Application/app.o
                0x0080016d                counterFlag
 .bss.currentTemp
                0x0080016e        0x4 ./Application/app.o
                0x0080016e                currentTemp
 .bss.prev.1532
                0x00800172        0x1 ./Application/app.o
 *(COMMON)
                0x00800173                PROVIDE (__bss_end, .)
                0x0000359c                __data_load_start = LOADADDR (.data)
                0x000036a6                __data_load_end = (__data_load_start + SIZEOF (.data))

.noinit         0x00800173        0x0
                0x00800173                PROVIDE (__noinit_start, .)
 *(.noinit*)
                0x00800173                PROVIDE (__noinit_end, .)
                0x00800173                _end = .
                0x00800173                PROVIDE (__heap_start, .)

.eeprom         0x00810000        0x0
 *(.eeprom*)
                0x00810000                __eeprom_end = .

.fuse
 *(.fuse)
 *(.lfuse)
 *(.hfuse)
 *(.efuse)

.lock
 *(.lock*)

.signature
 *(.signature*)

.stab           0x00000000     0x3e64
 *(.stab)
 .stab          0x00000000      0x5d0 ./MCAL/Timer/timer.o
 .stab          0x000005d0      0x384 ./MCAL/TWI/TWI_program.o
                                0x390 (size before relaxing)
 .stab          0x00000954      0x534 ./MCAL/Interrupt/interrupt.o
                                0x540 (size before relaxing)
 .stab          0x00000e88      0x474 ./MCAL/DIO0/DIO_prog.o
                                0x480 (size before relaxing)
 .stab          0x000012fc      0x420 ./MCAL/ADC/ADC_program.o
                                0x42c (size before relaxing)
 .stab          0x0000171c      0x42c ./HAL/Temp Sensor/LM35.o
                                0x438 (size before relaxing)
 .stab          0x00001b48      0x2c4 ./HAL/LED/LED_program.o
                                0x2d0 (size before relaxing)
 .stab          0x00001e0c      0x4a4 ./HAL/Heater/Heater.o
                                0x63c (size before relaxing)
 .stab          0x000022b0      0x2d0 ./HAL/EEPROM/EEPROM_program.o
                                0x2dc (size before relaxing)
 .stab          0x00002580      0x258 ./HAL/Button/Button_program.o
                                0x264 (size before relaxing)
 .stab          0x000027d8      0xabc ./HAL/7 Segment/Seven_Segment.o
                                0xc54 (size before relaxing)
 .stab          0x00003294      0xa38 ./Application/app.o
                                0xbd0 (size before relaxing)
 .stab          0x00003ccc      0x198 ./main.o
                                0x3cc (size before relaxing)

.stabstr        0x00000000     0x1904
 *(.stabstr)
 .stabstr       0x00000000     0x1904 ./MCAL/Timer/timer.o

.stab.excl
 *(.stab.excl)

.stab.exclstr
 *(.stab.exclstr)

.stab.index
 *(.stab.index)

.stab.indexstr
 *(.stab.indexstr)

.comment
 *(.comment)

.debug
 *(.debug)

.line
 *(.line)

.debug_srcinfo
 *(.debug_srcinfo)

.debug_sfnames
 *(.debug_sfnames)

.debug_aranges  0x00000000      0x1c0
 *(.debug_aranges)
 .debug_aranges
                0x00000000       0x20 d:/course amit/drive-download-20230526t152238z-001/sdk/sdk_win_64/sdk_win_64/sdk_win_64/winavr/bin/../lib/gcc/avr/4.3.3/avr5\libgcc.a(_fixunssfsi.o)
 .debug_aranges
                0x00000020       0x20 d:/course amit/drive-download-20230526t152238z-001/sdk/sdk_win_64/sdk_win_64/sdk_win_64/winavr/bin/../lib/gcc/avr/4.3.3/avr5\libgcc.a(_addsub_sf.o)
 .debug_aranges
                0x00000040       0x20 d:/course amit/drive-download-20230526t152238z-001/sdk/sdk_win_64/sdk_win_64/sdk_win_64/winavr/bin/../lib/gcc/avr/4.3.3/avr5\libgcc.a(_mul_sf.o)
 .debug_aranges
                0x00000060       0x20 d:/course amit/drive-download-20230526t152238z-001/sdk/sdk_win_64/sdk_win_64/sdk_win_64/winavr/bin/../lib/gcc/avr/4.3.3/avr5\libgcc.a(_div_sf.o)
 .debug_aranges
                0x00000080       0x20 d:/course amit/drive-download-20230526t152238z-001/sdk/sdk_win_64/sdk_win_64/sdk_win_64/winavr/bin/../lib/gcc/avr/4.3.3/avr5\libgcc.a(_gt_sf.o)
 .debug_aranges
                0x000000a0       0x20 d:/course amit/drive-download-20230526t152238z-001/sdk/sdk_win_64/sdk_win_64/sdk_win_64/winavr/bin/../lib/gcc/avr/4.3.3/avr5\libgcc.a(_ge_sf.o)
 .debug_aranges
                0x000000c0       0x20 d:/course amit/drive-download-20230526t152238z-001/sdk/sdk_win_64/sdk_win_64/sdk_win_64/winavr/bin/../lib/gcc/avr/4.3.3/avr5\libgcc.a(_lt_sf.o)
 .debug_aranges
                0x000000e0       0x20 d:/course amit/drive-download-20230526t152238z-001/sdk/sdk_win_64/sdk_win_64/sdk_win_64/winavr/bin/../lib/gcc/avr/4.3.3/avr5\libgcc.a(_si_to_sf.o)
 .debug_aranges
                0x00000100       0x20 d:/course amit/drive-download-20230526t152238z-001/sdk/sdk_win_64/sdk_win_64/sdk_win_64/winavr/bin/../lib/gcc/avr/4.3.3/avr5\libgcc.a(_sf_to_si.o)
 .debug_aranges
                0x00000120       0x20 d:/course amit/drive-download-20230526t152238z-001/sdk/sdk_win_64/sdk_win_64/sdk_win_64/winavr/bin/../lib/gcc/avr/4.3.3/avr5\libgcc.a(_usi_to_sf.o)
 .debug_aranges
                0x00000140       0x20 d:/course amit/drive-download-20230526t152238z-001/sdk/sdk_win_64/sdk_win_64/sdk_win_64/winavr/bin/../lib/gcc/avr/4.3.3/avr5\libgcc.a(_clzsi2.o)
 .debug_aranges
                0x00000160       0x20 d:/course amit/drive-download-20230526t152238z-001/sdk/sdk_win_64/sdk_win_64/sdk_win_64/winavr/bin/../lib/gcc/avr/4.3.3/avr5\libgcc.a(_pack_sf.o)
 .debug_aranges
                0x00000180       0x20 d:/course amit/drive-download-20230526t152238z-001/sdk/sdk_win_64/sdk_win_64/sdk_win_64/winavr/bin/../lib/gcc/avr/4.3.3/avr5\libgcc.a(_unpack_sf.o)
 .debug_aranges
                0x000001a0       0x20 d:/course amit/drive-download-20230526t152238z-001/sdk/sdk_win_64/sdk_win_64/sdk_win_64/winavr/bin/../lib/gcc/avr/4.3.3/avr5\libgcc.a(_fpcmp_parts_sf.o)

.debug_pubnames
                0x00000000      0x214
 *(.debug_pubnames)
 .debug_pubnames
                0x00000000       0x23 d:/course amit/drive-download-20230526t152238z-001/sdk/sdk_win_64/sdk_win_64/sdk_win_64/winavr/bin/../lib/gcc/avr/4.3.3/avr5\libgcc.a(_fixunssfsi.o)
 .debug_pubnames
                0x00000023       0x2c d:/course amit/drive-download-20230526t152238z-001/sdk/sdk_win_64/sdk_win_64/sdk_win_64/winavr/bin/../lib/gcc/avr/4.3.3/avr5\libgcc.a(_addsub_sf.o)
 .debug_pubnames
                0x0000004f       0x1f d:/course amit/drive-download-20230526t152238z-001/sdk/sdk_win_64/sdk_win_64/sdk_win_64/winavr/bin/../lib/gcc/avr/4.3.3/avr5\libgcc.a(_mul_sf.o)
 .debug_pubnames
                0x0000006e       0x1f d:/course amit/drive-download-20230526t152238z-001/sdk/sdk_win_64/sdk_win_64/sdk_win_64/winavr/bin/../lib/gcc/avr/4.3.3/avr5\libgcc.a(_div_sf.o)
 .debug_pubnames
                0x0000008d       0x1e d:/course amit/drive-download-20230526t152238z-001/sdk/sdk_win_64/sdk_win_64/sdk_win_64/winavr/bin/../lib/gcc/avr/4.3.3/avr5\libgcc.a(_gt_sf.o)
 .debug_pubnames
                0x000000ab       0x1e d:/course amit/drive-download-20230526t152238z-001/sdk/sdk_win_64/sdk_win_64/sdk_win_64/winavr/bin/../lib/gcc/avr/4.3.3/avr5\libgcc.a(_ge_sf.o)
 .debug_pubnames
                0x000000c9       0x1e d:/course amit/drive-download-20230526t152238z-001/sdk/sdk_win_64/sdk_win_64/sdk_win_64/winavr/bin/../lib/gcc/avr/4.3.3/avr5\libgcc.a(_lt_sf.o)
 .debug_pubnames
                0x000000e7       0x22 d:/course amit/drive-download-20230526t152238z-001/sdk/sdk_win_64/sdk_win_64/sdk_win_64/winavr/bin/../lib/gcc/avr/4.3.3/avr5\libgcc.a(_si_to_sf.o)
 .debug_pubnames
                0x00000109       0x20 d:/course amit/drive-download-20230526t152238z-001/sdk/sdk_win_64/sdk_win_64/sdk_win_64/winavr/bin/../lib/gcc/avr/4.3.3/avr5\libgcc.a(_sf_to_si.o)
 .debug_pubnames
                0x00000129       0x22 d:/course amit/drive-download-20230526t152238z-001/sdk/sdk_win_64/sdk_win_64/sdk_win_64/winavr/bin/../lib/gcc/avr/4.3.3/avr5\libgcc.a(_thenan_sf.o)
 .debug_pubnames
                0x0000014b       0x24 d:/course amit/drive-download-20230526t152238z-001/sdk/sdk_win_64/sdk_win_64/sdk_win_64/winavr/bin/../lib/gcc/avr/4.3.3/avr5\libgcc.a(_usi_to_sf.o)
 .debug_pubnames
                0x0000016f       0x1f d:/course amit/drive-download-20230526t152238z-001/sdk/sdk_win_64/sdk_win_64/sdk_win_64/winavr/bin/../lib/gcc/avr/4.3.3/avr5\libgcc.a(_clzsi2.o)
 .debug_pubnames
                0x0000018e       0x1f d:/course amit/drive-download-20230526t152238z-001/sdk/sdk_win_64/sdk_win_64/sdk_win_64/winavr/bin/../lib/gcc/avr/4.3.3/avr5\libgcc.a(_pack_sf.o)
 .debug_pubnames
                0x000001ad       0x21 d:/course amit/drive-download-20230526t152238z-001/sdk/sdk_win_64/sdk_win_64/sdk_win_64/winavr/bin/../lib/gcc/avr/4.3.3/avr5\libgcc.a(_unpack_sf.o)
 .debug_pubnames
                0x000001ce       0x26 d:/course amit/drive-download-20230526t152238z-001/sdk/sdk_win_64/sdk_win_64/sdk_win_64/winavr/bin/../lib/gcc/avr/4.3.3/avr5\libgcc.a(_fpcmp_parts_sf.o)
 .debug_pubnames
                0x000001f4       0x20 d:/course amit/drive-download-20230526t152238z-001/sdk/sdk_win_64/sdk_win_64/sdk_win_64/winavr/bin/../lib/gcc/avr/4.3.3/avr5\libgcc.a(_clz.o)

.debug_info     0x00000000     0x2612
 *(.debug_info)
 .debug_info    0x00000000       0xb1 d:/course amit/drive-download-20230526t152238z-001/sdk/sdk_win_64/sdk_win_64/sdk_win_64/winavr/bin/../lib/gcc/avr/4.3.3/avr5\libgcc.a(_fixunssfsi.o)
 .debug_info    0x000000b1      0x47a d:/course amit/drive-download-20230526t152238z-001/sdk/sdk_win_64/sdk_win_64/sdk_win_64/winavr/bin/../lib/gcc/avr/4.3.3/avr5\libgcc.a(_addsub_sf.o)
 .debug_info    0x0000052b      0x485 d:/course amit/drive-download-20230526t152238z-001/sdk/sdk_win_64/sdk_win_64/sdk_win_64/winavr/bin/../lib/gcc/avr/4.3.3/avr5\libgcc.a(_mul_sf.o)
 .debug_info    0x000009b0      0x3fc d:/course amit/drive-download-20230526t152238z-001/sdk/sdk_win_64/sdk_win_64/sdk_win_64/winavr/bin/../lib/gcc/avr/4.3.3/avr5\libgcc.a(_div_sf.o)
 .debug_info    0x00000dac      0x27f d:/course amit/drive-download-20230526t152238z-001/sdk/sdk_win_64/sdk_win_64/sdk_win_64/winavr/bin/../lib/gcc/avr/4.3.3/avr5\libgcc.a(_gt_sf.o)
 .debug_info    0x0000102b      0x27f d:/course amit/drive-download-20230526t152238z-001/sdk/sdk_win_64/sdk_win_64/sdk_win_64/winavr/bin/../lib/gcc/avr/4.3.3/avr5\libgcc.a(_ge_sf.o)
 .debug_info    0x000012aa      0x27f d:/course amit/drive-download-20230526t152238z-001/sdk/sdk_win_64/sdk_win_64/sdk_win_64/winavr/bin/../lib/gcc/avr/4.3.3/avr5\libgcc.a(_lt_sf.o)
 .debug_info    0x00001529      0x207 d:/course amit/drive-download-20230526t152238z-001/sdk/sdk_win_64/sdk_win_64/sdk_win_64/winavr/bin/../lib/gcc/avr/4.3.3/avr5\libgcc.a(_si_to_sf.o)
 .debug_info    0x00001730      0x2b0 d:/course amit/drive-download-20230526t152238z-001/sdk/sdk_win_64/sdk_win_64/sdk_win_64/winavr/bin/../lib/gcc/avr/4.3.3/avr5\libgcc.a(_sf_to_si.o)
 .debug_info    0x000019e0      0x12c d:/course amit/drive-download-20230526t152238z-001/sdk/sdk_win_64/sdk_win_64/sdk_win_64/winavr/bin/../lib/gcc/avr/4.3.3/avr5\libgcc.a(_thenan_sf.o)
 .debug_info    0x00001b0c      0x206 d:/course amit/drive-download-20230526t152238z-001/sdk/sdk_win_64/sdk_win_64/sdk_win_64/winavr/bin/../lib/gcc/avr/4.3.3/avr5\libgcc.a(_usi_to_sf.o)
 .debug_info    0x00001d12      0x117 d:/course amit/drive-download-20230526t152238z-001/sdk/sdk_win_64/sdk_win_64/sdk_win_64/winavr/bin/../lib/gcc/avr/4.3.3/avr5\libgcc.a(_clzsi2.o)
 .debug_info    0x00001e29      0x2df d:/course amit/drive-download-20230526t152238z-001/sdk/sdk_win_64/sdk_win_64/sdk_win_64/winavr/bin/../lib/gcc/avr/4.3.3/avr5\libgcc.a(_pack_sf.o)
 .debug_info    0x00002108      0x251 d:/course amit/drive-download-20230526t152238z-001/sdk/sdk_win_64/sdk_win_64/sdk_win_64/winavr/bin/../lib/gcc/avr/4.3.3/avr5\libgcc.a(_unpack_sf.o)
 .debug_info    0x00002359      0x210 d:/course amit/drive-download-20230526t152238z-001/sdk/sdk_win_64/sdk_win_64/sdk_win_64/winavr/bin/../lib/gcc/avr/4.3.3/avr5\libgcc.a(_fpcmp_parts_sf.o)
 .debug_info    0x00002569       0xa9 d:/course amit/drive-download-20230526t152238z-001/sdk/sdk_win_64/sdk_win_64/sdk_win_64/winavr/bin/../lib/gcc/avr/4.3.3/avr5\libgcc.a(_clz.o)
 *(.gnu.linkonce.wi.*)

.debug_abbrev   0x00000000     0x14ce
 *(.debug_abbrev)
 .debug_abbrev  0x00000000       0x5d d:/course amit/drive-download-20230526t152238z-001/sdk/sdk_win_64/sdk_win_64/sdk_win_64/winavr/bin/../lib/gcc/avr/4.3.3/avr5\libgcc.a(_fixunssfsi.o)
 .debug_abbrev  0x0000005d      0x1ea d:/course amit/drive-download-20230526t152238z-001/sdk/sdk_win_64/sdk_win_64/sdk_win_64/winavr/bin/../lib/gcc/avr/4.3.3/avr5\libgcc.a(_addsub_sf.o)
 .debug_abbrev  0x00000247      0x21b d:/course amit/drive-download-20230526t152238z-001/sdk/sdk_win_64/sdk_win_64/sdk_win_64/winavr/bin/../lib/gcc/avr/4.3.3/avr5\libgcc.a(_mul_sf.o)
 .debug_abbrev  0x00000462      0x216 d:/course amit/drive-download-20230526t152238z-001/sdk/sdk_win_64/sdk_win_64/sdk_win_64/winavr/bin/../lib/gcc/avr/4.3.3/avr5\libgcc.a(_div_sf.o)
 .debug_abbrev  0x00000678      0x15a d:/course amit/drive-download-20230526t152238z-001/sdk/sdk_win_64/sdk_win_64/sdk_win_64/winavr/bin/../lib/gcc/avr/4.3.3/avr5\libgcc.a(_gt_sf.o)
 .debug_abbrev  0x000007d2      0x15a d:/course amit/drive-download-20230526t152238z-001/sdk/sdk_win_64/sdk_win_64/sdk_win_64/winavr/bin/../lib/gcc/avr/4.3.3/avr5\libgcc.a(_ge_sf.o)
 .debug_abbrev  0x0000092c      0x15a d:/course amit/drive-download-20230526t152238z-001/sdk/sdk_win_64/sdk_win_64/sdk_win_64/winavr/bin/../lib/gcc/avr/4.3.3/avr5\libgcc.a(_lt_sf.o)
 .debug_abbrev  0x00000a86      0x148 d:/course amit/drive-download-20230526t152238z-001/sdk/sdk_win_64/sdk_win_64/sdk_win_64/winavr/bin/../lib/gcc/avr/4.3.3/avr5\libgcc.a(_si_to_sf.o)
 .debug_abbrev  0x00000bce      0x17f d:/course amit/drive-download-20230526t152238z-001/sdk/sdk_win_64/sdk_win_64/sdk_win_64/winavr/bin/../lib/gcc/avr/4.3.3/avr5\libgcc.a(_sf_to_si.o)
 .debug_abbrev  0x00000d4d       0xad d:/course amit/drive-download-20230526t152238z-001/sdk/sdk_win_64/sdk_win_64/sdk_win_64/winavr/bin/../lib/gcc/avr/4.3.3/avr5\libgcc.a(_thenan_sf.o)
 .debug_abbrev  0x00000dfa      0x157 d:/course amit/drive-download-20230526t152238z-001/sdk/sdk_win_64/sdk_win_64/sdk_win_64/winavr/bin/../lib/gcc/avr/4.3.3/avr5\libgcc.a(_usi_to_sf.o)
 .debug_abbrev  0x00000f51       0xc4 d:/course amit/drive-download-20230526t152238z-001/sdk/sdk_win_64/sdk_win_64/sdk_win_64/winavr/bin/../lib/gcc/avr/4.3.3/avr5\libgcc.a(_clzsi2.o)
 .debug_abbrev  0x00001015      0x1c0 d:/course amit/drive-download-20230526t152238z-001/sdk/sdk_win_64/sdk_win_64/sdk_win_64/winavr/bin/../lib/gcc/avr/4.3.3/avr5\libgcc.a(_pack_sf.o)
 .debug_abbrev  0x000011d5      0x154 d:/course amit/drive-download-20230526t152238z-001/sdk/sdk_win_64/sdk_win_64/sdk_win_64/winavr/bin/../lib/gcc/avr/4.3.3/avr5\libgcc.a(_unpack_sf.o)
 .debug_abbrev  0x00001329      0x13b d:/course amit/drive-download-20230526t152238z-001/sdk/sdk_win_64/sdk_win_64/sdk_win_64/winavr/bin/../lib/gcc/avr/4.3.3/avr5\libgcc.a(_fpcmp_parts_sf.o)
 .debug_abbrev  0x00001464       0x6a d:/course amit/drive-download-20230526t152238z-001/sdk/sdk_win_64/sdk_win_64/sdk_win_64/winavr/bin/../lib/gcc/avr/4.3.3/avr5\libgcc.a(_clz.o)

.debug_line     0x00000000     0x130b
 *(.debug_line)
 .debug_line    0x00000000       0xa7 d:/course amit/drive-download-20230526t152238z-001/sdk/sdk_win_64/sdk_win_64/sdk_win_64/winavr/bin/../lib/gcc/avr/4.3.3/avr5\libgcc.a(_fixunssfsi.o)
 .debug_line    0x000000a7      0x2af d:/course amit/drive-download-20230526t152238z-001/sdk/sdk_win_64/sdk_win_64/sdk_win_64/winavr/bin/../lib/gcc/avr/4.3.3/avr5\libgcc.a(_addsub_sf.o)
 .debug_line    0x00000356      0x239 d:/course amit/drive-download-20230526t152238z-001/sdk/sdk_win_64/sdk_win_64/sdk_win_64/winavr/bin/../lib/gcc/avr/4.3.3/avr5\libgcc.a(_mul_sf.o)
 .debug_line    0x0000058f      0x1d5 d:/course amit/drive-download-20230526t152238z-001/sdk/sdk_win_64/sdk_win_64/sdk_win_64/winavr/bin/../lib/gcc/avr/4.3.3/avr5\libgcc.a(_div_sf.o)
 .debug_line    0x00000764       0xd3 d:/course amit/drive-download-20230526t152238z-001/sdk/sdk_win_64/sdk_win_64/sdk_win_64/winavr/bin/../lib/gcc/avr/4.3.3/avr5\libgcc.a(_gt_sf.o)
 .debug_line    0x00000837       0xd3 d:/course amit/drive-download-20230526t152238z-001/sdk/sdk_win_64/sdk_win_64/sdk_win_64/winavr/bin/../lib/gcc/avr/4.3.3/avr5\libgcc.a(_ge_sf.o)
 .debug_line    0x0000090a       0xd3 d:/course amit/drive-download-20230526t152238z-001/sdk/sdk_win_64/sdk_win_64/sdk_win_64/winavr/bin/../lib/gcc/avr/4.3.3/avr5\libgcc.a(_lt_sf.o)
 .debug_line    0x000009dd      0x135 d:/course amit/drive-download-20230526t152238z-001/sdk/sdk_win_64/sdk_win_64/sdk_win_64/winavr/bin/../lib/gcc/avr/4.3.3/avr5\libgcc.a(_si_to_sf.o)
 .debug_line    0x00000b12      0x109 d:/course amit/drive-download-20230526t152238z-001/sdk/sdk_win_64/sdk_win_64/sdk_win_64/winavr/bin/../lib/gcc/avr/4.3.3/avr5\libgcc.a(_sf_to_si.o)
 .debug_line    0x00000c1b       0x90 d:/course amit/drive-download-20230526t152238z-001/sdk/sdk_win_64/sdk_win_64/sdk_win_64/winavr/bin/../lib/gcc/avr/4.3.3/avr5\libgcc.a(_thenan_sf.o)
 .debug_line    0x00000cab      0x133 d:/course amit/drive-download-20230526t152238z-001/sdk/sdk_win_64/sdk_win_64/sdk_win_64/winavr/bin/../lib/gcc/avr/4.3.3/avr5\libgcc.a(_usi_to_sf.o)
 .debug_line    0x00000dde       0xa5 d:/course amit/drive-download-20230526t152238z-001/sdk/sdk_win_64/sdk_win_64/sdk_win_64/winavr/bin/../lib/gcc/avr/4.3.3/avr5\libgcc.a(_clzsi2.o)
 .debug_line    0x00000e83      0x18a d:/course amit/drive-download-20230526t152238z-001/sdk/sdk_win_64/sdk_win_64/sdk_win_64/winavr/bin/../lib/gcc/avr/4.3.3/avr5\libgcc.a(_pack_sf.o)
 .debug_line    0x0000100d      0x14b d:/course amit/drive-download-20230526t152238z-001/sdk/sdk_win_64/sdk_win_64/sdk_win_64/winavr/bin/../lib/gcc/avr/4.3.3/avr5\libgcc.a(_unpack_sf.o)
 .debug_line    0x00001158      0x137 d:/course amit/drive-download-20230526t152238z-001/sdk/sdk_win_64/sdk_win_64/sdk_win_64/winavr/bin/../lib/gcc/avr/4.3.3/avr5\libgcc.a(_fpcmp_parts_sf.o)
 .debug_line    0x0000128f       0x7c d:/course amit/drive-download-20230526t152238z-001/sdk/sdk_win_64/sdk_win_64/sdk_win_64/winavr/bin/../lib/gcc/avr/4.3.3/avr5\libgcc.a(_clz.o)

.debug_frame    0x00000000      0x1e0
 *(.debug_frame)
 .debug_frame   0x00000000       0x20 d:/course amit/drive-download-20230526t152238z-001/sdk/sdk_win_64/sdk_win_64/sdk_win_64/winavr/bin/../lib/gcc/avr/4.3.3/avr5\libgcc.a(_fixunssfsi.o)
 .debug_frame   0x00000020       0x40 d:/course amit/drive-download-20230526t152238z-001/sdk/sdk_win_64/sdk_win_64/sdk_win_64/winavr/bin/../lib/gcc/avr/4.3.3/avr5\libgcc.a(_addsub_sf.o)
 .debug_frame   0x00000060       0x20 d:/course amit/drive-download-20230526t152238z-001/sdk/sdk_win_64/sdk_win_64/sdk_win_64/winavr/bin/../lib/gcc/avr/4.3.3/avr5\libgcc.a(_mul_sf.o)
 .debug_frame   0x00000080       0x20 d:/course amit/drive-download-20230526t152238z-001/sdk/sdk_win_64/sdk_win_64/sdk_win_64/winavr/bin/../lib/gcc/avr/4.3.3/avr5\libgcc.a(_div_sf.o)
 .debug_frame   0x000000a0       0x20 d:/course amit/drive-download-20230526t152238z-001/sdk/sdk_win_64/sdk_win_64/sdk_win_64/winavr/bin/../lib/gcc/avr/4.3.3/avr5\libgcc.a(_gt_sf.o)
 .debug_frame   0x000000c0       0x20 d:/course amit/drive-download-20230526t152238z-001/sdk/sdk_win_64/sdk_win_64/sdk_win_64/winavr/bin/../lib/gcc/avr/4.3.3/avr5\libgcc.a(_ge_sf.o)
 .debug_frame   0x000000e0       0x20 d:/course amit/drive-download-20230526t152238z-001/sdk/sdk_win_64/sdk_win_64/sdk_win_64/winavr/bin/../lib/gcc/avr/4.3.3/avr5\libgcc.a(_lt_sf.o)
 .debug_frame   0x00000100       0x20 d:/course amit/drive-download-20230526t152238z-001/sdk/sdk_win_64/sdk_win_64/sdk_win_64/winavr/bin/../lib/gcc/avr/4.3.3/avr5\libgcc.a(_si_to_sf.o)
 .debug_frame   0x00000120       0x20 d:/course amit/drive-download-20230526t152238z-001/sdk/sdk_win_64/sdk_win_64/sdk_win_64/winavr/bin/../lib/gcc/avr/4.3.3/avr5\libgcc.a(_sf_to_si.o)
 .debug_frame   0x00000140       0x20 d:/course amit/drive-download-20230526t152238z-001/sdk/sdk_win_64/sdk_win_64/sdk_win_64/winavr/bin/../lib/gcc/avr/4.3.3/avr5\libgcc.a(_usi_to_sf.o)
 .debug_frame   0x00000160       0x20 d:/course amit/drive-download-20230526t152238z-001/sdk/sdk_win_64/sdk_win_64/sdk_win_64/winavr/bin/../lib/gcc/avr/4.3.3/avr5\libgcc.a(_clzsi2.o)
 .debug_frame   0x00000180       0x20 d:/course amit/drive-download-20230526t152238z-001/sdk/sdk_win_64/sdk_win_64/sdk_win_64/winavr/bin/../lib/gcc/avr/4.3.3/avr5\libgcc.a(_pack_sf.o)
 .debug_frame   0x000001a0       0x20 d:/course amit/drive-download-20230526t152238z-001/sdk/sdk_win_64/sdk_win_64/sdk_win_64/winavr/bin/../lib/gcc/avr/4.3.3/avr5\libgcc.a(_unpack_sf.o)
 .debug_frame   0x000001c0       0x20 d:/course amit/drive-download-20230526t152238z-001/sdk/sdk_win_64/sdk_win_64/sdk_win_64/winavr/bin/../lib/gcc/avr/4.3.3/avr5\libgcc.a(_fpcmp_parts_sf.o)

.debug_str      0x00000000      0x307
 *(.debug_str)
 .debug_str     0x00000000       0xbf d:/course amit/drive-download-20230526t152238z-001/sdk/sdk_win_64/sdk_win_64/sdk_win_64/winavr/bin/../lib/gcc/avr/4.3.3/avr5\libgcc.a(_fixunssfsi.o)
                                 0xfe (size before relaxing)
 .debug_str     0x000000bf      0x14d d:/course amit/drive-download-20230526t152238z-001/sdk/sdk_win_64/sdk_win_64/sdk_win_64/winavr/bin/../lib/gcc/avr/4.3.3/avr5\libgcc.a(_addsub_sf.o)
                                0x206 (size before relaxing)
 .debug_str     0x0000020c       0x27 d:/course amit/drive-download-20230526t152238z-001/sdk/sdk_win_64/sdk_win_64/sdk_win_64/winavr/bin/../lib/gcc/avr/4.3.3/avr5\libgcc.a(_mul_sf.o)
                                0x1bf (size before relaxing)
 .debug_str     0x00000233       0x35 d:/course amit/drive-download-20230526t152238z-001/sdk/sdk_win_64/sdk_win_64/sdk_win_64/winavr/bin/../lib/gcc/avr/4.3.3/avr5\libgcc.a(_div_sf.o)
                                0x1c8 (size before relaxing)
 .debug_str     0x00000268        0x8 d:/course amit/drive-download-20230526t152238z-001/sdk/sdk_win_64/sdk_win_64/sdk_win_64/winavr/bin/../lib/gcc/avr/4.3.3/avr5\libgcc.a(_gt_sf.o)
                                0x195 (size before relaxing)
 .debug_str     0x00000270        0x8 d:/course amit/drive-download-20230526t152238z-001/sdk/sdk_win_64/sdk_win_64/sdk_win_64/winavr/bin/../lib/gcc/avr/4.3.3/avr5\libgcc.a(_ge_sf.o)
                                0x195 (size before relaxing)
 .debug_str     0x00000278        0x8 d:/course amit/drive-download-20230526t152238z-001/sdk/sdk_win_64/sdk_win_64/sdk_win_64/winavr/bin/../lib/gcc/avr/4.3.3/avr5\libgcc.a(_lt_sf.o)
                                0x195 (size before relaxing)
 .debug_str     0x00000280       0x1e d:/course amit/drive-download-20230526t152238z-001/sdk/sdk_win_64/sdk_win_64/sdk_win_64/winavr/bin/../lib/gcc/avr/4.3.3/avr5\libgcc.a(_si_to_sf.o)
                                0x17b (size before relaxing)
 .debug_str     0x0000029e        0xa d:/course amit/drive-download-20230526t152238z-001/sdk/sdk_win_64/sdk_win_64/sdk_win_64/winavr/bin/../lib/gcc/avr/4.3.3/avr5\libgcc.a(_sf_to_si.o)
                                0x19e (size before relaxing)
 .debug_str     0x00000000      0x103 d:/course amit/drive-download-20230526t152238z-001/sdk/sdk_win_64/sdk_win_64/sdk_win_64/winavr/bin/../lib/gcc/avr/4.3.3/avr5\libgcc.a(_thenan_sf.o)
 .debug_str     0x000002a8       0x14 d:/course amit/drive-download-20230526t152238z-001/sdk/sdk_win_64/sdk_win_64/sdk_win_64/winavr/bin/../lib/gcc/avr/4.3.3/avr5\libgcc.a(_usi_to_sf.o)
                                0x177 (size before relaxing)
 .debug_str     0x000002bc       0x20 d:/course amit/drive-download-20230526t152238z-001/sdk/sdk_win_64/sdk_win_64/sdk_win_64/winavr/bin/../lib/gcc/avr/4.3.3/avr5\libgcc.a(_clzsi2.o)
                                0x111 (size before relaxing)
 .debug_str     0x000002dc       0x10 d:/course amit/drive-download-20230526t152238z-001/sdk/sdk_win_64/sdk_win_64/sdk_win_64/winavr/bin/../lib/gcc/avr/4.3.3/avr5\libgcc.a(_pack_sf.o)
                                0x19d (size before relaxing)
 .debug_str     0x000002ec        0xb d:/course amit/drive-download-20230526t152238z-001/sdk/sdk_win_64/sdk_win_64/sdk_win_64/winavr/bin/../lib/gcc/avr/4.3.3/avr5\libgcc.a(_unpack_sf.o)
                                0x17f (size before relaxing)
 .debug_str     0x000002f7       0x10 d:/course amit/drive-download-20230526t152238z-001/sdk/sdk_win_64/sdk_win_64/sdk_win_64/winavr/bin/../lib/gcc/avr/4.3.3/avr5\libgcc.a(_fpcmp_parts_sf.o)
                                0x163 (size before relaxing)
 .debug_str     0x00000000       0xf4 d:/course amit/drive-download-20230526t152238z-001/sdk/sdk_win_64/sdk_win_64/sdk_win_64/winavr/bin/../lib/gcc/avr/4.3.3/avr5\libgcc.a(_clz.o)

.debug_loc      0x00000000      0xa1a
 *(.debug_loc)
 .debug_loc     0x00000000       0x34 d:/course amit/drive-download-20230526t152238z-001/sdk/sdk_win_64/sdk_win_64/sdk_win_64/winavr/bin/../lib/gcc/avr/4.3.3/avr5\libgcc.a(_fixunssfsi.o)
 .debug_loc     0x00000034      0x32a d:/course amit/drive-download-20230526t152238z-001/sdk/sdk_win_64/sdk_win_64/sdk_win_64/winavr/bin/../lib/gcc/avr/4.3.3/avr5\libgcc.a(_addsub_sf.o)
 .debug_loc     0x0000035e      0x104 d:/course amit/drive-download-20230526t152238z-001/sdk/sdk_win_64/sdk_win_64/sdk_win_64/winavr/bin/../lib/gcc/avr/4.3.3/avr5\libgcc.a(_mul_sf.o)
 .debug_loc     0x00000462       0xc0 d:/course amit/drive-download-20230526t152238z-001/sdk/sdk_win_64/sdk_win_64/sdk_win_64/winavr/bin/../lib/gcc/avr/4.3.3/avr5\libgcc.a(_div_sf.o)
 .debug_loc     0x00000522       0x3c d:/course amit/drive-download-20230526t152238z-001/sdk/sdk_win_64/sdk_win_64/sdk_win_64/winavr/bin/../lib/gcc/avr/4.3.3/avr5\libgcc.a(_gt_sf.o)
 .debug_loc     0x0000055e       0x3c d:/course amit/drive-download-20230526t152238z-001/sdk/sdk_win_64/sdk_win_64/sdk_win_64/winavr/bin/../lib/gcc/avr/4.3.3/avr5\libgcc.a(_ge_sf.o)
 .debug_loc     0x0000059a       0x3c d:/course amit/drive-download-20230526t152238z-001/sdk/sdk_win_64/sdk_win_64/sdk_win_64/winavr/bin/../lib/gcc/avr/4.3.3/avr5\libgcc.a(_lt_sf.o)
 .debug_loc     0x000005d6       0xac d:/course amit/drive-download-20230526t152238z-001/sdk/sdk_win_64/sdk_win_64/sdk_win_64/winavr/bin/../lib/gcc/avr/4.3.3/avr5\libgcc.a(_si_to_sf.o)
 .debug_loc     0x00000682       0x7e d:/course amit/drive-download-20230526t152238z-001/sdk/sdk_win_64/sdk_win_64/sdk_win_64/winavr/bin/../lib/gcc/avr/4.3.3/avr5\libgcc.a(_sf_to_si.o)
 .debug_loc     0x00000700       0x4c d:/course amit/drive-download-20230526t152238z-001/sdk/sdk_win_64/sdk_win_64/sdk_win_64/winavr/bin/../lib/gcc/avr/4.3.3/avr5\libgcc.a(_usi_to_sf.o)
 .debug_loc     0x0000074c       0x94 d:/course amit/drive-download-20230526t152238z-001/sdk/sdk_win_64/sdk_win_64/sdk_win_64/winavr/bin/../lib/gcc/avr/4.3.3/avr5\libgcc.a(_clzsi2.o)
 .debug_loc     0x000007e0      0x13e d:/course amit/drive-download-20230526t152238z-001/sdk/sdk_win_64/sdk_win_64/sdk_win_64/winavr/bin/../lib/gcc/avr/4.3.3/avr5\libgcc.a(_pack_sf.o)
 .debug_loc     0x0000091e       0xac d:/course amit/drive-download-20230526t152238z-001/sdk/sdk_win_64/sdk_win_64/sdk_win_64/winavr/bin/../lib/gcc/avr/4.3.3/avr5\libgcc.a(_unpack_sf.o)
 .debug_loc     0x000009ca       0x50 d:/course amit/drive-download-20230526t152238z-001/sdk/sdk_win_64/sdk_win_64/sdk_win_64/winavr/bin/../lib/gcc/avr/4.3.3/avr5\libgcc.a(_fpcmp_parts_sf.o)

.debug_macinfo
 *(.debug_macinfo)
OUTPUT(AMIT_GRAD_PROJ.elf elf32-avr)
LOAD linker stubs

.debug_ranges   0x00000000       0x50
 .debug_ranges  0x00000000       0x50 d:/course amit/drive-download-20230526t152238z-001/sdk/sdk_win_64/sdk_win_64/sdk_win_64/winavr/bin/../lib/gcc/avr/4.3.3/avr5\libgcc.a(_mul_sf.o)
